# Use as ntp client
ntp
# For legacy nvidia cards, we install this by default, nvidia-current has to be
# installed manually if other nvidia cards are to be used
nvidia-173
# Chromium browser for those who want that
chromium-browser
# Reader for epub
fbreader
# Nice programming educational
scratch
# Part of Malawian curriculum
libreoffice-base
# For opening up .deb files manually
gdebi
# Needed for NFS shares
nfs-common
# SSH server for sending commands to machines
openssh-server
# Uncommented, it's default in the ks.cfg
#edubuntu-desktop
# For playing .iso DVD images
vlc
# Ucommented because it cause security warnings
#flashplugin-installer
xtightvncviewer
x11vnc
ca-certificates-java
icedtea-6-jre-cacao 
icedtea-6-plugin 
java-common
openjdk-6-jre 
openjdk-6-jre-headless 
openjdk-6-jre-lib 
ttf-dejavu-extra 
tzdata-java 
gimp
pitivi
cheese
# For removing incomplete language support warnings
libreoffice-l10n-en-za
poppler-data
gimp-help-en
language-pack-kde-en
hunspell-en-ca
mythes-en-au
hyphen-en-us
myspell-en-au
myspell-en-gb
#kde-l10n-engb
firefox-locale-en
libreoffice-l10n-en-gb
myspell-en-za
wbritish
libreoffice-help-en-gb
mythes-en-us
# Contents of ubuntu-restricted extras except for flash
wamerican
  cabextract chromium-codecs-ffmpeg-extra freepats
  gstreamer0.10-fluendo-mp3 gstreamer0.10-plugins-bad
  gstreamer0.10-plugins-bad-multiverse gstreamer0.10-plugins-ugly
  gstreamer1.0-fluendo-mp3 gstreamer1.0-libav gstreamer1.0-plugins-bad
  gstreamer1.0-plugins-bad-faad gstreamer1.0-plugins-bad-videoparsers
  gstreamer1.0-plugins-ugly liba52-0.7.4 libass4 libavcodec54 libavformat54
  libavutil52 libcdaudio1 libchromaprint0 libdc1394-22 libdca0
  libdirac-encoder0 libdirectfb-1.2-9 libdvdnav4 libdvdread4 libenca0 libfaac0
  libfaad2 libflite1 libfluidsynth1 libgme0 libgsm1
  libgstreamer-plugins-bad0.10-0 libgstreamer-plugins-bad1.0-0 libgtkglext1
  libkate1 libmad0 libmimic0 libmjpegutils-2.1-0 libmms0 libmodplug1
  libmp3lame0 libmpcdec6 libmpeg2-4 libmpeg2encpp-2.1-0 libmpg123-0
  libmplex2-2.1-0 libofa0 liboil0.3 libopenal-data libopenal1
  libopencore-amrnb0 libopencore-amrwb0 libopencv-calib3d2.4
  libopencv-contrib2.4 libopencv-core2.4 libopencv-features2d2.4
  libopencv-flann2.4 libopencv-highgui2.4 libopencv-imgproc2.4
  libopencv-legacy2.4 libopencv-ml2.4 libopencv-objdetect2.4
  libopencv-video2.4 libopenjpeg2 libopus0 libschroedinger-1.0-0 libsidplay1
  libslv2-9 libsoundtouch0 libspandsp2 libsrtp0 libswscale2 libtbb2
  libts-0.0-0 libtwolame0 libva1 libvo-aacenc0 libvo-amrwbenc0
  libwildmidi-config libwildmidi1 libx264-142 libxvidcore4 libzbar0
  libzvbi-common libzvbi0 oxideqt-codecs-extra tsconf
  ubuntu-restricted-addons unrar

